[2026-03-27 10:48:50] INFO: 404 Not Found | Context: {"url":"\/favicon.ico"}
[2026-03-27 11:13:26] INFO: SMTP Debug: SERVER -> CLIENT: 220 smtp.gmail.com ESMTP 2adb3069b0e04-5a2a0645116sm1244585e87.21 - gsmtp

[2026-03-27 11:13:26] INFO: SMTP Debug: CLIENT -> SERVER: EHLO KCT-409-08

[2026-03-27 11:13:26] INFO: SMTP Debug: SERVER -> CLIENT: 250-smtp.gmail.com at your service, [46.181.49.18]
250-SIZE 35882577
250-8BITMIME
250-STARTTLS
250-ENHANCEDSTATUSCODES
250-PIPELINING
250-CHUNKING
250 SMTPUTF8

[2026-03-27 11:13:26] INFO: SMTP Debug: CLIENT -> SERVER: STARTTLS

[2026-03-27 11:13:26] INFO: SMTP Debug: SERVER -> CLIENT: 220 2.0.0 Ready to start TLS

[2026-03-27 11:13:27] INFO: SMTP Debug: CLIENT -> SERVER: EHLO KCT-409-08

[2026-03-27 11:13:27] INFO: SMTP Debug: SERVER -> CLIENT: 250-smtp.gmail.com at your service, [46.181.49.18]
250-SIZE 35882577
250-8BITMIME
250-AUTH LOGIN PLAIN XOAUTH2 PLAIN-CLIENTTOKEN OAUTHBEARER XOAUTH
250-ENHANCEDSTATUSCODES
250-PIPELINING
250-CHUNKING
250 SMTPUTF8

[2026-03-27 11:13:27] INFO: SMTP Debug: CLIENT -> SERVER: AUTH LOGIN

[2026-03-27 11:13:27] INFO: SMTP Debug: SERVER -> CLIENT: 334 VXNlcm5hbWU6

[2026-03-27 11:13:27] INFO: SMTP Debug: CLIENT -> SERVER: [credentials hidden]
[2026-03-27 11:13:27] INFO: SMTP Debug: SERVER -> CLIENT: 334 UGFzc3dvcmQ6

[2026-03-27 11:13:27] INFO: SMTP Debug: CLIENT -> SERVER: [credentials hidden]
[2026-03-27 11:13:27] INFO: SMTP Debug: SERVER -> CLIENT: 235 2.7.0 Accepted

[2026-03-27 11:13:27] INFO: SMTP Debug: CLIENT -> SERVER: QUIT

[2026-03-27 11:13:27] INFO: SMTP Debug: SERVER -> CLIENT: 221 2.0.0 closing connection 2adb3069b0e04-5a2a0645116sm1244585e87.21 - gsmtp

[2026-03-27 11:17:01] INFO: 404 Not Found | Context: {"url":"\/favicon.ico"}
[2026-03-27 11:18:23] INFO: Order notification sent to customer | Context: {"order_id":"order_69c6596d225c3","email":"moscvicin2007@gmail.com"}
[2026-03-27 11:18:25] INFO: Order notification sent to admin | Context: {"order_id":"order_69c6596d225c3","email":"moscvicin1986@gmail.com"}
[2026-03-28 06:44:59] INFO: 404 Not Found | Context: {"url":"\/favicon.ico"}
[2026-03-28 06:45:29] ERROR: Failed to send verification email: SMTP Error: Could not authenticate. | Context: {"email":"moscvicin1986@gmail.com"}
[2026-03-28 06:46:31] ERROR: Failed to send verification email: SMTP Error: Could not authenticate. | Context: {"email":"moscvicin1986@gmail.com"}
[2026-03-28 06:48:21] INFO: Verification code sent | Context: {"email":"moscvicin1986@gmail.com"}
[2026-03-28 06:53:55] INFO: 404 Not Found | Context: {"url":"\/favicon.ico"}
